// Jest Snapshot v1, https://goo.gl/fbAQLP

exports[`ui renders correctly 1`] = `
<View
  style={
    {
      "backgroundColor": undefined,
      "flexDirection": "row",
      "height": undefined,
      "marginBottom": 10,
      "paddingHorizontal": 10,
    }
  }
>
  <View
    accessibilityState={
      {
        "busy": undefined,
        "checked": undefined,
        "disabled": undefined,
        "expanded": undefined,
        "selected": undefined,
      }
    }
    accessibilityValue={
      {
        "max": undefined,
        "min": undefined,
        "now": undefined,
        "text": undefined,
      }
    }
    accessible={true}
    collapsable={false}
    focusable={true}
    onBlur={[Function]}
    onClick={[Function]}
    onFocus={[Function]}
    onResponderGrant={[Function]}
    onResponderMove={[Function]}
    onResponderRelease={[Function]}
    onResponderTerminate={[Function]}
    onResponderTerminationRequest={[Function]}
    onStartShouldSetResponder={[Function]}
  >
    <View
      style={
        {
          "alignItems": "center",
          "backgroundColor": "#64189b",
          "borderColor": "#64189b",
          "borderRadius": 16,
          "borderWidth": 2,
          "flex": undefined,
          "flexDirection": "row",
          "height": undefined,
          "justifyContent": "center",
          "marginHorizontal": undefined,
          "marginRight": 6,
          "paddingHorizontal": 8,
          "paddingVertical": 1,
          "width": undefined,
        }
      }
    >
      <View
        style={
          {
            "backgroundColor": undefined,
            "flex": undefined,
            "height": undefined,
          }
        }
      >
        <Text
          style={
            {
              "color": "white",
              "fontFamily": "Cairo, apple-system, BlinkMacSystemFont, "Segoe UI", Roboto, Helvetica, Arial, sans-serif",
              "fontSize": 12,
              "textTransform": "uppercase",
            }
          }
        >
          unread
        </Text>
      </View>
    </View>
  </View>
  <View
    accessibilityState={
      {
        "busy": undefined,
        "checked": undefined,
        "disabled": undefined,
        "expanded": undefined,
        "selected": undefined,
      }
    }
    accessibilityValue={
      {
        "max": undefined,
        "min": undefined,
        "now": undefined,
        "text": undefined,
      }
    }
    accessible={true}
    collapsable={false}
    focusable={true}
    onBlur={[Function]}
    onClick={[Function]}
    onFocus={[Function]}
    onResponderGrant={[Function]}
    onResponderMove={[Function]}
    onResponderRelease={[Function]}
    onResponderTerminate={[Function]}
    onResponderTerminationRequest={[Function]}
    onStartShouldSetResponder={[Function]}
  >
    <View
      style={
        {
          "alignItems": "center",
          "backgroundColor": "#64189b",
          "borderColor": "#64189b",
          "borderRadius": 16,
          "borderWidth": 2,
          "flex": undefined,
          "flexDirection": "row",
          "height": undefined,
          "justifyContent": "center",
          "marginHorizontal": undefined,
          "marginRight": 6,
          "paddingHorizontal": 8,
          "paddingVertical": 1,
          "width": undefined,
        }
      }
    >
      <Text>
        check-circle
      </Text>
    </View>
  </View>
  <View
    accessibilityState={
      {
        "busy": undefined,
        "checked": undefined,
        "disabled": undefined,
        "expanded": undefined,
        "selected": undefined,
      }
    }
    accessibilityValue={
      {
        "max": undefined,
        "min": undefined,
        "now": undefined,
        "text": undefined,
      }
    }
    accessible={true}
    collapsable={false}
    focusable={true}
    onBlur={[Function]}
    onClick={[Function]}
    onFocus={[Function]}
    onResponderGrant={[Function]}
    onResponderMove={[Function]}
    onResponderRelease={[Function]}
    onResponderTerminate={[Function]}
    onResponderTerminationRequest={[Function]}
    onStartShouldSetResponder={[Function]}
  >
    <View
      style={
        {
          "alignItems": "center",
          "backgroundColor": "#222222",
          "borderColor": "#64189b",
          "borderRadius": 16,
          "borderWidth": 2,
          "flex": undefined,
          "flexDirection": "row",
          "height": undefined,
          "justifyContent": "center",
          "marginHorizontal": undefined,
          "marginRight": 6,
          "paddingHorizontal": 8,
          "paddingVertical": 1,
          "width": undefined,
        }
      }
    >
      <View
        style={
          {
            "backgroundColor": undefined,
            "flex": undefined,
            "height": undefined,
          }
        }
      >
        <Text
          style={
            {
              "color": "white",
              "fontFamily": "Cairo, apple-system, BlinkMacSystemFont, "Segoe UI", Roboto, Helvetica, Arial, sans-serif",
              "fontSize": 12,
              "textTransform": "uppercase",
            }
          }
        >
          smashed
        </Text>
      </View>
    </View>
  </View>
  <View
    accessibilityState={
      {
        "busy": undefined,
        "checked": undefined,
        "disabled": undefined,
        "expanded": undefined,
        "selected": undefined,
      }
    }
    accessibilityValue={
      {
        "max": undefined,
        "min": undefined,
        "now": undefined,
        "text": undefined,
      }
    }
    accessible={true}
    collapsable={false}
    focusable={true}
    onBlur={[Function]}
    onClick={[Function]}
    onFocus={[Function]}
    onResponderGrant={[Function]}
    onResponderMove={[Function]}
    onResponderRelease={[Function]}
    onResponderTerminate={[Function]}
    onResponderTerminationRequest={[Function]}
    onStartShouldSetResponder={[Function]}
  >
    <View
      style={
        {
          "alignItems": "center",
          "backgroundColor": "#222222",
          "borderColor": "#64189b",
          "borderRadius": 16,
          "borderWidth": 2,
          "flex": undefined,
          "flexDirection": "row",
          "height": undefined,
          "justifyContent": "center",
          "marginHorizontal": undefined,
          "marginRight": 6,
          "paddingHorizontal": 8,
          "paddingVertical": 1,
          "width": undefined,
        }
      }
    >
      <View
        style={
          {
            "backgroundColor": undefined,
            "flex": undefined,
            "height": undefined,
          }
        }
      >
        <Text
          style={
            {
              "color": "white",
              "fontFamily": "Cairo, apple-system, BlinkMacSystemFont, "Segoe UI", Roboto, Helvetica, Arial, sans-serif",
              "fontSize": 12,
              "textTransform": "uppercase",
            }
          }
        >
          👟
        </Text>
      </View>
    </View>
  </View>
  <View
    accessibilityState={
      {
        "busy": undefined,
        "checked": undefined,
        "disabled": undefined,
        "expanded": undefined,
        "selected": undefined,
      }
    }
    accessibilityValue={
      {
        "max": undefined,
        "min": undefined,
        "now": undefined,
        "text": undefined,
      }
    }
    accessible={true}
    collapsable={false}
    focusable={true}
    onBlur={[Function]}
    onClick={[Function]}
    onFocus={[Function]}
    onResponderGrant={[Function]}
    onResponderMove={[Function]}
    onResponderRelease={[Function]}
    onResponderTerminate={[Function]}
    onResponderTerminationRequest={[Function]}
    onStartShouldSetResponder={[Function]}
  >
    <View
      style={
        {
          "alignItems": "center",
          "backgroundColor": "#222222",
          "borderColor": "#64189b",
          "borderRadius": 16,
          "borderWidth": 2,
          "flex": undefined,
          "flexDirection": "row",
          "height": undefined,
          "justifyContent": "center",
          "marginHorizontal": undefined,
          "marginRight": 6,
          "paddingHorizontal": 8,
          "paddingVertical": 1,
          "width": undefined,
        }
      }
    >
      <View
        style={
          {
            "backgroundColor": undefined,
            "flex": undefined,
            "height": undefined,
          }
        }
      >
        <Text
          style={
            {
              "color": "white",
              "fontFamily": "Cairo, apple-system, BlinkMacSystemFont, "Segoe UI", Roboto, Helvetica, Arial, sans-serif",
              "fontSize": 12,
              "textTransform": "uppercase",
            }
          }
        >
          🍆
        </Text>
      </View>
    </View>
  </View>
</View>
`;

exports[`ui selects a filter when you click on it 1`] = `
<View
  style={
    {
      "backgroundColor": undefined,
      "flexDirection": "row",
      "height": undefined,
      "marginBottom": 10,
      "paddingHorizontal": 10,
    }
  }
>
  <View
    accessibilityState={
      {
        "busy": undefined,
        "checked": undefined,
        "disabled": undefined,
        "expanded": undefined,
        "selected": undefined,
      }
    }
    accessibilityValue={
      {
        "max": undefined,
        "min": undefined,
        "now": undefined,
        "text": undefined,
      }
    }
    accessible={true}
    collapsable={false}
    focusable={true}
    onBlur={[Function]}
    onClick={[Function]}
    onFocus={[Function]}
    onResponderGrant={[Function]}
    onResponderMove={[Function]}
    onResponderRelease={[Function]}
    onResponderTerminate={[Function]}
    onResponderTerminationRequest={[Function]}
    onStartShouldSetResponder={[Function]}
  >
    <View
      style={
        {
          "alignItems": "center",
          "backgroundColor": "#64189b",
          "borderColor": "#64189b",
          "borderRadius": 16,
          "borderWidth": 2,
          "flex": undefined,
          "flexDirection": "row",
          "height": undefined,
          "justifyContent": "center",
          "marginHorizontal": undefined,
          "marginRight": 6,
          "paddingHorizontal": 8,
          "paddingVertical": 1,
          "width": undefined,
        }
      }
    >
      <View
        style={
          {
            "backgroundColor": undefined,
            "flex": undefined,
            "height": undefined,
          }
        }
      >
        <Text
          style={
            {
              "color": "white",
              "fontFamily": "Cairo, apple-system, BlinkMacSystemFont, "Segoe UI", Roboto, Helvetica, Arial, sans-serif",
              "fontSize": 12,
              "textTransform": "uppercase",
            }
          }
        >
          unread
        </Text>
      </View>
    </View>
  </View>
  <View
    accessibilityState={
      {
        "busy": undefined,
        "checked": undefined,
        "disabled": undefined,
        "expanded": undefined,
        "selected": undefined,
      }
    }
    accessibilityValue={
      {
        "max": undefined,
        "min": undefined,
        "now": undefined,
        "text": undefined,
      }
    }
    accessible={true}
    collapsable={false}
    focusable={true}
    onBlur={[Function]}
    onClick={[Function]}
    onFocus={[Function]}
    onResponderGrant={[Function]}
    onResponderMove={[Function]}
    onResponderRelease={[Function]}
    onResponderTerminate={[Function]}
    onResponderTerminationRequest={[Function]}
    onStartShouldSetResponder={[Function]}
  >
    <View
      style={
        {
          "alignItems": "center",
          "backgroundColor": "#64189b",
          "borderColor": "#64189b",
          "borderRadius": 16,
          "borderWidth": 2,
          "flex": undefined,
          "flexDirection": "row",
          "height": undefined,
          "justifyContent": "center",
          "marginHorizontal": undefined,
          "marginRight": 6,
          "paddingHorizontal": 8,
          "paddingVertical": 1,
          "width": undefined,
        }
      }
    >
      <Text>
        check-circle
      </Text>
    </View>
  </View>
  <View
    accessibilityState={
      {
        "busy": undefined,
        "checked": undefined,
        "disabled": undefined,
        "expanded": undefined,
        "selected": undefined,
      }
    }
    accessibilityValue={
      {
        "max": undefined,
        "min": undefined,
        "now": undefined,
        "text": undefined,
      }
    }
    accessible={true}
    collapsable={false}
    focusable={true}
    onBlur={[Function]}
    onClick={[Function]}
    onFocus={[Function]}
    onResponderGrant={[Function]}
    onResponderMove={[Function]}
    onResponderRelease={[Function]}
    onResponderTerminate={[Function]}
    onResponderTerminationRequest={[Function]}
    onStartShouldSetResponder={[Function]}
  >
    <View
      style={
        {
          "alignItems": "center",
          "backgroundColor": "#222222",
          "borderColor": "#64189b",
          "borderRadius": 16,
          "borderWidth": 2,
          "flex": undefined,
          "flexDirection": "row",
          "height": undefined,
          "justifyContent": "center",
          "marginHorizontal": undefined,
          "marginRight": 6,
          "paddingHorizontal": 8,
          "paddingVertical": 1,
          "width": undefined,
        }
      }
    >
      <View
        style={
          {
            "backgroundColor": undefined,
            "flex": undefined,
            "height": undefined,
          }
        }
      >
        <Text
          style={
            {
              "color": "white",
              "fontFamily": "Cairo, apple-system, BlinkMacSystemFont, "Segoe UI", Roboto, Helvetica, Arial, sans-serif",
              "fontSize": 12,
              "textTransform": "uppercase",
            }
          }
        >
          smashed
        </Text>
      </View>
    </View>
  </View>
  <View
    accessibilityState={
      {
        "busy": undefined,
        "checked": undefined,
        "disabled": undefined,
        "expanded": undefined,
        "selected": undefined,
      }
    }
    accessibilityValue={
      {
        "max": undefined,
        "min": undefined,
        "now": undefined,
        "text": undefined,
      }
    }
    accessible={true}
    collapsable={false}
    focusable={true}
    onBlur={[Function]}
    onClick={[Function]}
    onFocus={[Function]}
    onResponderGrant={[Function]}
    onResponderMove={[Function]}
    onResponderRelease={[Function]}
    onResponderTerminate={[Function]}
    onResponderTerminationRequest={[Function]}
    onStartShouldSetResponder={[Function]}
  >
    <View
      style={
        {
          "alignItems": "center",
          "backgroundColor": "#222222",
          "borderColor": "#64189b",
          "borderRadius": 16,
          "borderWidth": 2,
          "flex": undefined,
          "flexDirection": "row",
          "height": undefined,
          "justifyContent": "center",
          "marginHorizontal": undefined,
          "marginRight": 6,
          "paddingHorizontal": 8,
          "paddingVertical": 1,
          "width": undefined,
        }
      }
    >
      <View
        style={
          {
            "backgroundColor": undefined,
            "flex": undefined,
            "height": undefined,
          }
        }
      >
        <Text
          style={
            {
              "color": "white",
              "fontFamily": "Cairo, apple-system, BlinkMacSystemFont, "Segoe UI", Roboto, Helvetica, Arial, sans-serif",
              "fontSize": 12,
              "textTransform": "uppercase",
            }
          }
        >
          👟
        </Text>
      </View>
    </View>
  </View>
  <View
    accessibilityState={
      {
        "busy": undefined,
        "checked": undefined,
        "disabled": undefined,
        "expanded": undefined,
        "selected": undefined,
      }
    }
    accessibilityValue={
      {
        "max": undefined,
        "min": undefined,
        "now": undefined,
        "text": undefined,
      }
    }
    accessible={true}
    collapsable={false}
    focusable={true}
    onBlur={[Function]}
    onClick={[Function]}
    onFocus={[Function]}
    onResponderGrant={[Function]}
    onResponderMove={[Function]}
    onResponderRelease={[Function]}
    onResponderTerminate={[Function]}
    onResponderTerminationRequest={[Function]}
    onStartShouldSetResponder={[Function]}
  >
    <View
      style={
        {
          "alignItems": "center",
          "backgroundColor": "#222222",
          "borderColor": "#64189b",
          "borderRadius": 16,
          "borderWidth": 2,
          "flex": undefined,
          "flexDirection": "row",
          "height": undefined,
          "justifyContent": "center",
          "marginHorizontal": undefined,
          "marginRight": 6,
          "paddingHorizontal": 8,
          "paddingVertical": 1,
          "width": undefined,
        }
      }
    >
      <View
        style={
          {
            "backgroundColor": undefined,
            "flex": undefined,
            "height": undefined,
          }
        }
      >
        <Text
          style={
            {
              "color": "white",
              "fontFamily": "Cairo, apple-system, BlinkMacSystemFont, "Segoe UI", Roboto, Helvetica, Arial, sans-serif",
              "fontSize": 12,
              "textTransform": "uppercase",
            }
          }
        >
          🍆
        </Text>
      </View>
    </View>
  </View>
</View>
`;

exports[`ui selects a filter when you click on it 2`] = `
<View
  style={
    {
      "backgroundColor": undefined,
      "flexDirection": "row",
      "height": undefined,
      "marginBottom": 10,
      "paddingHorizontal": 10,
    }
  }
>
  <View
    accessibilityState={
      {
        "busy": undefined,
        "checked": undefined,
        "disabled": undefined,
        "expanded": undefined,
        "selected": undefined,
      }
    }
    accessibilityValue={
      {
        "max": undefined,
        "min": undefined,
        "now": undefined,
        "text": undefined,
      }
    }
    accessible={true}
    collapsable={false}
    focusable={true}
    onBlur={[Function]}
    onClick={[Function]}
    onFocus={[Function]}
    onResponderGrant={[Function]}
    onResponderMove={[Function]}
    onResponderRelease={[Function]}
    onResponderTerminate={[Function]}
    onResponderTerminationRequest={[Function]}
    onStartShouldSetResponder={[Function]}
  >
    <View
      style={
        {
          "alignItems": "center",
          "backgroundColor": "#64189b",
          "borderColor": "#64189b",
          "borderRadius": 16,
          "borderWidth": 2,
          "flex": undefined,
          "flexDirection": "row",
          "height": undefined,
          "justifyContent": "center",
          "marginHorizontal": undefined,
          "marginRight": 6,
          "paddingHorizontal": 8,
          "paddingVertical": 1,
          "width": undefined,
        }
      }
    >
      <Text>
        check-circle
      </Text>
    </View>
  </View>
  <View
    accessibilityState={
      {
        "busy": undefined,
        "checked": undefined,
        "disabled": undefined,
        "expanded": undefined,
        "selected": undefined,
      }
    }
    accessibilityValue={
      {
        "max": undefined,
        "min": undefined,
        "now": undefined,
        "text": undefined,
      }
    }
    accessible={true}
    collapsable={false}
    focusable={true}
    onBlur={[Function]}
    onClick={[Function]}
    onFocus={[Function]}
    onResponderGrant={[Function]}
    onResponderMove={[Function]}
    onResponderRelease={[Function]}
    onResponderTerminate={[Function]}
    onResponderTerminationRequest={[Function]}
    onStartShouldSetResponder={[Function]}
  >
    <View
      style={
        {
          "alignItems": "center",
          "backgroundColor": "#222222",
          "borderColor": "#64189b",
          "borderRadius": 16,
          "borderWidth": 2,
          "flex": undefined,
          "flexDirection": "row",
          "height": undefined,
          "justifyContent": "center",
          "marginHorizontal": undefined,
          "marginRight": 6,
          "paddingHorizontal": 8,
          "paddingVertical": 1,
          "width": undefined,
        }
      }
    >
      <View
        style={
          {
            "backgroundColor": undefined,
            "flex": undefined,
            "height": undefined,
          }
        }
      >
        <Text
          style={
            {
              "color": "white",
              "fontFamily": "Cairo, apple-system, BlinkMacSystemFont, "Segoe UI", Roboto, Helvetica, Arial, sans-serif",
              "fontSize": 12,
              "textTransform": "uppercase",
            }
          }
        >
          unread
        </Text>
      </View>
    </View>
  </View>
  <View
    accessibilityState={
      {
        "busy": undefined,
        "checked": undefined,
        "disabled": undefined,
        "expanded": undefined,
        "selected": undefined,
      }
    }
    accessibilityValue={
      {
        "max": undefined,
        "min": undefined,
        "now": undefined,
        "text": undefined,
      }
    }
    accessible={true}
    collapsable={false}
    focusable={true}
    onBlur={[Function]}
    onClick={[Function]}
    onFocus={[Function]}
    onResponderGrant={[Function]}
    onResponderMove={[Function]}
    onResponderRelease={[Function]}
    onResponderTerminate={[Function]}
    onResponderTerminationRequest={[Function]}
    onStartShouldSetResponder={[Function]}
  >
    <View
      style={
        {
          "alignItems": "center",
          "backgroundColor": "#222222",
          "borderColor": "#64189b",
          "borderRadius": 16,
          "borderWidth": 2,
          "flex": undefined,
          "flexDirection": "row",
          "height": undefined,
          "justifyContent": "center",
          "marginHorizontal": undefined,
          "marginRight": 6,
          "paddingHorizontal": 8,
          "paddingVertical": 1,
          "width": undefined,
        }
      }
    >
      <View
        style={
          {
            "backgroundColor": undefined,
            "flex": undefined,
            "height": undefined,
          }
        }
      >
        <Text
          style={
            {
              "color": "white",
              "fontFamily": "Cairo, apple-system, BlinkMacSystemFont, "Segoe UI", Roboto, Helvetica, Arial, sans-serif",
              "fontSize": 12,
              "textTransform": "uppercase",
            }
          }
        >
          smashed
        </Text>
      </View>
    </View>
  </View>
  <View
    accessibilityState={
      {
        "busy": undefined,
        "checked": undefined,
        "disabled": undefined,
        "expanded": undefined,
        "selected": undefined,
      }
    }
    accessibilityValue={
      {
        "max": undefined,
        "min": undefined,
        "now": undefined,
        "text": undefined,
      }
    }
    accessible={true}
    collapsable={false}
    focusable={true}
    onBlur={[Function]}
    onClick={[Function]}
    onFocus={[Function]}
    onResponderGrant={[Function]}
    onResponderMove={[Function]}
    onResponderRelease={[Function]}
    onResponderTerminate={[Function]}
    onResponderTerminationRequest={[Function]}
    onStartShouldSetResponder={[Function]}
  >
    <View
      style={
        {
          "alignItems": "center",
          "backgroundColor": "#222222",
          "borderColor": "#64189b",
          "borderRadius": 16,
          "borderWidth": 2,
          "flex": undefined,
          "flexDirection": "row",
          "height": undefined,
          "justifyContent": "center",
          "marginHorizontal": undefined,
          "marginRight": 6,
          "paddingHorizontal": 8,
          "paddingVertical": 1,
          "width": undefined,
        }
      }
    >
      <View
        style={
          {
            "backgroundColor": undefined,
            "flex": undefined,
            "height": undefined,
          }
        }
      >
        <Text
          style={
            {
              "color": "white",
              "fontFamily": "Cairo, apple-system, BlinkMacSystemFont, "Segoe UI", Roboto, Helvetica, Arial, sans-serif",
              "fontSize": 12,
              "textTransform": "uppercase",
            }
          }
        >
          👟
        </Text>
      </View>
    </View>
  </View>
  <View
    accessibilityState={
      {
        "busy": undefined,
        "checked": undefined,
        "disabled": undefined,
        "expanded": undefined,
        "selected": undefined,
      }
    }
    accessibilityValue={
      {
        "max": undefined,
        "min": undefined,
        "now": undefined,
        "text": undefined,
      }
    }
    accessible={true}
    collapsable={false}
    focusable={true}
    onBlur={[Function]}
    onClick={[Function]}
    onFocus={[Function]}
    onResponderGrant={[Function]}
    onResponderMove={[Function]}
    onResponderRelease={[Function]}
    onResponderTerminate={[Function]}
    onResponderTerminationRequest={[Function]}
    onStartShouldSetResponder={[Function]}
  >
    <View
      style={
        {
          "alignItems": "center",
          "backgroundColor": "#222222",
          "borderColor": "#64189b",
          "borderRadius": 16,
          "borderWidth": 2,
          "flex": undefined,
          "flexDirection": "row",
          "height": undefined,
          "justifyContent": "center",
          "marginHorizontal": undefined,
          "marginRight": 6,
          "paddingHorizontal": 8,
          "paddingVertical": 1,
          "width": undefined,
        }
      }
    >
      <View
        style={
          {
            "backgroundColor": undefined,
            "flex": undefined,
            "height": undefined,
          }
        }
      >
        <Text
          style={
            {
              "color": "white",
              "fontFamily": "Cairo, apple-system, BlinkMacSystemFont, "Segoe UI", Roboto, Helvetica, Arial, sans-serif",
              "fontSize": 12,
              "textTransform": "uppercase",
            }
          }
        >
          🍆
        </Text>
      </View>
    </View>
  </View>
</View>
`;
