// Jest Snapshot v1, https://goo.gl/fbAQLP

exports[`SelectableContact renders correctly 1`] = `
<View
  accessibilityValue={
    {
      "max": undefined,
      "min": undefined,
      "now": undefined,
      "text": undefined,
    }
  }
  accessible={true}
  focusable={true}
  onClick={[Function]}
  onResponderGrant={[Function]}
  onResponderMove={[Function]}
  onResponderRelease={[Function]}
  onResponderTerminate={[Function]}
  onResponderTerminationRequest={[Function]}
  onStartShouldSetResponder={[Function]}
  style={
    {
      "alignItems": "center",
      "borderBottomColor": "#292929",
      "borderBottomWidth": 1,
      "flexDirection": "row",
      "justifyContent": "space-between",
      "padding": 15,
    }
  }
  testID="SelectableContact::Pressable"
>
  <View
    style={
      {
        "alignContent": undefined,
        "alignItems": "center",
        "backgroundColor": undefined,
        "flex": undefined,
        "flexDirection": "row",
        "gap": undefined,
        "height": undefined,
        "justifyContent": undefined,
        "marginBottom": undefined,
        "marginHorizontal": undefined,
        "marginVertical": undefined,
      }
    }
  >
    <View
      style={
        {
          "backgroundColor": "#64189b",
          "borderRadius": 10,
          "flex": undefined,
          "height": 40,
          "maxHeight": 40,
          "maxWidth": 40,
          "minHeight": 40,
          "minWidth": 40,
          "overflow": "hidden",
          "width": 40,
        }
      }
    >
      <View
        style={
          {
            "alignItems": "center",
            "height": "100%",
            "justifyContent": "center",
            "width": "100%",
          }
        }
      >
        <Text
          style={
            {
              "color": "white",
              "fontSize": 24,
              "fontWeight": "bold",
            }
          }
        >
          JD
        </Text>
      </View>
    </View>
    <View
      style={
        {
          "backgroundColor": undefined,
          "flex": 1,
          "flexDirection": undefined,
          "height": undefined,
          "marginHorizontal": undefined,
          "marginLeft": 10,
          "paddingHorizontal": undefined,
          "paddingVertical": undefined,
          "position": undefined,
          "width": undefined,
        }
      }
    >
      <Text
        style={
          {
            "color": "white",
            "textShadowColor": undefined,
            "textShadowOffset": undefined,
            "textShadowRadius": undefined,
            "textTransform": undefined,
          }
        }
      >
        John Doe
      </Text>
    </View>
    <View>
      <Text>
        circle-outline
      </Text>
    </View>
  </View>
</View>
`;
