// Jest Snapshot v1, https://goo.gl/fbAQLP

exports[`CameraButton render renders correctly 1`] = `
<View
  accessibilityState={
    {
      "busy": undefined,
      "checked": undefined,
      "disabled": undefined,
      "expanded": undefined,
      "selected": undefined,
    }
  }
  accessibilityValue={
    {
      "max": undefined,
      "min": undefined,
      "now": undefined,
      "text": undefined,
    }
  }
  accessible={true}
  collapsable={false}
  focusable={true}
  onBlur={[Function]}
  onClick={[Function]}
  onFocus={[Function]}
  onResponderGrant={[Function]}
  onResponderMove={[Function]}
  onResponderRelease={[Function]}
  onResponderTerminate={[Function]}
  onResponderTerminationRequest={[Function]}
  onStartShouldSetResponder={[Function]}
  style={
    {
      "alignItems": "center",
      "backgroundColor": "rgba(140, 140, 140, 0.3)",
      "borderRadius": 20,
      "height": 40,
      "justifyContent": "center",
      "marginBottom": 15,
      "width": 40,
    }
  }
  testID="CameraButton::Pressable"
>
  <Text>
    camera
  </Text>
</View>
`;
